// Jest Snapshot v1, https://goo.gl/fbAQLP

exports[`<Title /> should render like the snapshot 1`] = `
<UNDEFINED>
  hi
</UNDEFINED>
`;
